[2m2026-02-07T05:23:10.081603Z[0m [32m INFO[0m [2mmartin[0m[2m:[0m Starting Martin v1.3.0
[2m2026-02-07T05:23:10.081773Z[0m [32m INFO[0m [2mmartin[0m[2m:[0m Config file is not specified, auto-detecting sources
[2m2026-02-07T05:23:10.081932Z[0m [32m INFO[0m [2mmartin::config::file::cache[0m[2m:[0m Initializing PMTiles directory cache with maximum size 128 MB
[2m2026-02-07T05:23:10.082777Z[0m [32m INFO[0m [2mmartin_core::tiles::postgres::pool[0m[2m:[0m Connecting with SSL support: Config { user: Some("postgres"), password: Some(_), dbname: Some("ftth_gis"), options: None, application_name: Some("Martin v0.2.6 - pid=20276"), ssl_mode: Prefer, host: [Tcp("localhost")], hostaddr: [], port: [5432], connect_timeout: None, tcp_user_timeout: None, keepalives: true, keepalives_idle: 7200s, keepalives_interval: None, keepalives_retries: None, target_session_attrs: Any, channel_binding: Prefer, load_balance_hosts: Disable }
[2m2026-02-07T05:23:10.221438Z[0m [32m INFO[0m [2mmartin_core::tiles::postgres::pool[0m[2m:[0m Connected to PostgreSQL 18.1.0 / PostGIS 3.6.1 for source ftth_gis
[2m2026-02-07T05:23:10.300666Z[0m [33m WARN[0m [2mmartin::config::file::tiles::postgres::resolver::query_tables[0m[2m:[0m Table public.fiber_splice has no spatial index on column location
[2m2026-02-07T05:23:10.300828Z[0m [33m WARN[0m [2mmartin::config::file::tiles::postgres::resolver::query_tables[0m[2m:[0m Table public.network_edges has no spatial index on column geometry_simple
[2m2026-02-07T05:23:10.300895Z[0m [33m WARN[0m [2mmartin::config::file::tiles::postgres::resolver::query_tables[0m[2m:[0m Table public.network_edges_aud has no spatial index on column geom
[2m2026-02-07T05:23:10.300956Z[0m [33m WARN[0m [2mmartin::config::file::tiles::postgres::resolver::query_tables[0m[2m:[0m Table public.network_edges_aud has no spatial index on column geometry_simple
[2m2026-02-07T05:23:10.301034Z[0m [33m WARN[0m [2mmartin::config::file::tiles::postgres::resolver::query_tables[0m[2m:[0m Table public.network_nodes_aud has no spatial index on column geom
[2m2026-02-07T05:23:10.301107Z[0m [32m INFO[0m [2mmartin::config::file::tiles::postgres::builder[0m[2m:[0m Auto-publishing tables in schemas [public] as '{table}' sources
[2m2026-02-07T05:23:10.301162Z[0m [32m INFO[0m [2mmartin::config::file::tiles::postgres::builder[0m[2m:[0m Discovered source fiber_splice from table public.fiber_splice with location column (POINT, SRID=4326), no ID column
[2m2026-02-07T05:23:10.301832Z[0m [33m WARN[0m [2mmartin::config::file::tiles::postgres::config_table[0m[2m:[0m Table public.mv_clustered_nodes.geom has SRID=0, skipping. To use this table source, set default or specify this table SRID in the config file, or set the default SRID with  --default-srid=...
[2m2026-02-07T05:23:10.301908Z[0m [32m INFO[0m [2mmartin::config::file::tiles::postgres::builder[0m[2m:[0m Discovered source network_edges from table public.network_edges with geom column (LINESTRING, SRID=4326), no ID column
[2m2026-02-07T05:23:10.301953Z[0m [33m WARN[0m [2mmartin_core::config::id_resolver[0m[2m:[0m Source `network_edges` (ftth_gis.public.network_edges.geometry_simple) was renamed to `network_edges.1` because ID must be unique, and only contain alpha-numeric characters or `._-`
[2m2026-02-07T05:23:10.301980Z[0m [32m INFO[0m [2mmartin::config::file::tiles::postgres::builder[0m[2m:[0m Discovered source network_edges.1 from table public.network_edges with geometry_simple column (LINESTRING, SRID=4326), no ID column
[2m2026-02-07T05:23:10.302038Z[0m [32m INFO[0m [2mmartin::config::file::tiles::postgres::builder[0m[2m:[0m Discovered source network_edges_aud from table public.network_edges_aud with geom column (LINESTRING, SRID=4326), no ID column
[2m2026-02-07T05:23:10.302073Z[0m [33m WARN[0m [2mmartin_core::config::id_resolver[0m[2m:[0m Source `network_edges_aud` (ftth_gis.public.network_edges_aud.geometry_simple) was renamed to `network_edges_aud.1` because ID must be unique, and only contain alpha-numeric characters or `._-`
[2m2026-02-07T05:23:10.302181Z[0m [32m INFO[0m [2mmartin::config::file::tiles::postgres::builder[0m[2m:[0m Discovered source network_edges_aud.1 from table public.network_edges_aud with geometry_simple column (LINESTRING, SRID=4326), no ID column
[2m2026-02-07T05:23:10.302251Z[0m [32m INFO[0m [2mmartin::config::file::tiles::postgres::builder[0m[2m:[0m Discovered source network_nodes from table public.network_nodes with geom column (POINT, SRID=4326), no ID column
[2m2026-02-07T05:23:10.302293Z[0m [32m INFO[0m [2mmartin::config::file::tiles::postgres::builder[0m[2m:[0m Discovered source network_nodes_aud from table public.network_nodes_aud with geom column (POINT, SRID=4326), no ID column
[2m2026-02-07T05:23:10.572434Z[0m [32m INFO[0m [2mmartin::config::file::tiles::postgres::builder[0m[2m:[0m Auto-publishing functions in schemas [public] as '{function}' sources
[2m2026-02-07T05:23:10.572651Z[0m [31mERROR[0m [2mmartin::config::file::tiles::postgres::utils[0m[2m:[0m Failed to deserialize merged function comment tilejson: missing field `fields`
[2m2026-02-07T05:23:10.572698Z[0m [32m INFO[0m [2mmartin::config::file::tiles::postgres::builder[0m[2m:[0m Discovered source get_mvt_data from function public.get_mvt_data(integer, integer, integer, json) -> bytea
[2m2026-02-07T05:23:10.747301Z[0m [32m INFO[0m [2mmartin::config::file::cache[0m[2m:[0m Initializing tile cache with maximum size 256 MB
[2m2026-02-07T05:23:10.747371Z[0m [32m INFO[0m [2mmartin::config::file::cache[0m[2m:[0m Initializing sprite cache with maximum size 64 MB
[2m2026-02-07T05:23:10.747489Z[0m [32m INFO[0m [2mmartin::config::file::cache[0m[2m:[0m Initializing font cache with maximum size 64 MB
[2m2026-02-07T05:23:10.747582Z[0m [32m INFO[0m [2mmartin[0m[2m:[0m Use --save-config to save or print Martin configuration.
[2m2026-02-07T05:23:10.747807Z[0m [32m INFO[0m [2mmartin::config::file::cors[0m[2m:[0m CORS enabled with defaults: CorsProperties { origin: ["*"], max_age: None, unrecognized: {} }
[2m2026-02-07T05:23:10.797762Z[0m [31mERROR[0m [2mmartin[0m[2m:[0m Unable to bind to 0.0.0.0:3001: Only one usage of each socket address (protocol/network address/port) is normally permitted. (os error 10048)
